
Memory Configuration

Name             Origin             Length             Attributes
mem              0x00000000         0x04000000         xrw
*default*        0x00000000         0xffffffff

Linker script and memory map

                0x00010000                . = 0x10000

.startup        0x00010000        0x8
 startup.o(.text)
 .text          0x00010000        0x8 startup.o
                0x00010000                reset

.text           0x00010008       0x68
 *(.text)
 .text          0x00010008       0x18 app.o
                0x00010008                main
 .text          0x00010020       0x50 uart.o
                0x00010020                uart_send_string
 *(.rodata)

.glue_7         0x00010070        0x0
 .glue_7        0x00000000        0x0 linker stubs

.glue_7t        0x00010070        0x0
 .glue_7t       0x00000000        0x0 linker stubs

.vfp11_veneer   0x00010070        0x0
 .vfp11_veneer  0x00000000        0x0 linker stubs

.v4_bx          0x00010070        0x0
 .v4_bx         0x00000000        0x0 linker stubs

.iplt           0x00010070        0x0
 .iplt          0x00000000        0x0 startup.o

.rel.dyn        0x00010070        0x0
 .rel.iplt      0x00000000        0x0 startup.o

.data           0x00010070       0x64
 *(.data)
 .data          0x00010070        0x0 startup.o
 .data          0x00010070       0x64 app.o
                0x00010070                string_buffer
 .data          0x000100d4        0x0 uart.o

.igot.plt       0x000100d4        0x0
 .igot.plt      0x00000000        0x0 startup.o

.bss            0x000100d4        0x0
 *(.bss)
 .bss           0x000100d4        0x0 startup.o
 .bss           0x000100d4        0x0 app.o
 .bss           0x000100d4        0x0 uart.o
                0x000200d4                . = (. + 0x10000)
                0x000200d4                stack_top = .
LOAD app.o
LOAD startup.o
LOAD uart.o
OUTPUT(mahmoud.elf elf32-littlearm)

.ARM.attributes
                0x00000000       0x2e
 .ARM.attributes
                0x00000000       0x22 startup.o
 .ARM.attributes
                0x00000022       0x32 app.o
 .ARM.attributes
                0x00000054       0x30 uart.o

.comment        0x00000000       0x11
 .comment       0x00000000       0x11 app.o
                                 0x12 (size before relaxing)
 .comment       0x00000000       0x12 uart.o

.debug_info     0x00000000       0x6c
 .debug_info    0x00000000       0x6c app.o

.debug_abbrev   0x00000000       0x5a
 .debug_abbrev  0x00000000       0x5a app.o

.debug_loc      0x00000000       0x2c
 .debug_loc     0x00000000       0x2c app.o

.debug_aranges  0x00000000       0x20
 .debug_aranges
                0x00000000       0x20 app.o

.debug_line     0x00000000       0x35
 .debug_line    0x00000000       0x35 app.o

.debug_str      0x00000000       0x81
 .debug_str     0x00000000       0x81 app.o

.debug_frame    0x00000000       0x2c
 .debug_frame   0x00000000       0x2c app.o
