
Memory Configuration

Name             Origin             Length             Attributes
flash            0x08000000         0x00020000         xr
sram             0x20000000         0x00005000         xrw
*default*        0x00000000         0xffffffff

Linker script and memory map


.text           0x08000000      0x14b
 *(.vectors)
 .vectors       0x08000000       0x1c startup.o
                0x08000000                vectors
 *(.text*)
 .text          0x0800001c       0xa0 main.o
                0x0800001c                main
 .text          0x080000bc       0x8c startup.o
                0x080000bc                MM_Fault_Handler
                0x080000bc                Usage_Fault_Handler
                0x080000bc                Bus_Fault
                0x080000bc                Default_Handler
                0x080000bc                H_fault_Handler
                0x080000bc                NMI_Handler
                0x080000c2                Reset_Handler
 *(.rodata*)
 .rodata        0x08000148        0x3 main.o
                0x08000148                const_variables
                0x0800014b                _E_text = .

.glue_7         0x0800014c        0x0
 .glue_7        0x0800014c        0x0 linker stubs

.glue_7t        0x0800014c        0x0
 .glue_7t       0x0800014c        0x0 linker stubs

.vfp11_veneer   0x0800014c        0x0
 .vfp11_veneer  0x0800014c        0x0 linker stubs

.v4_bx          0x0800014c        0x0
 .v4_bx         0x0800014c        0x0 linker stubs

.iplt           0x0800014c        0x0
 .iplt          0x0800014c        0x0 main.o

.rel.dyn        0x0800014c        0x0
 .rel.iplt      0x0800014c        0x0 main.o

.data           0x20000000        0x8 load address 0x0800014b
                0x20000000                _S_DATA = .
 *(.data)
 .data          0x20000000        0x7 main.o
                0x20000000                R_ODR
                0x20000004                g_variables
 .data          0x20000007        0x0 startup.o
                0x20000008                . = ALIGN (0x4)
 *fill*         0x20000007        0x1 
                0x20000008                _E_DATA = .

.igot.plt       0x20000008        0x0 load address 0x08000153
 .igot.plt      0x20000008        0x0 main.o

.bss            0x20000008     0x1004 load address 0x08000153
                0x20000008                _S_bss = .
 *(.bss)
 .bss           0x20000008        0x4 main.o
                0x20000008                i
 .bss           0x2000000c        0x0 startup.o
                0x2000000c                . = ALIGN (0x4)
                0x2000000c                _E_bss = .
                0x2000100c                . = (. + 0x1000)
 *fill*         0x2000000c     0x1000 
                0x2000100c                _stack_top = .
LOAD main.o
LOAD startup.o
OUTPUT(mahmoud_cortex_m3.elf elf32-littlearm)
LOAD linker stubs

.debug_info     0x00000000      0x333
 .debug_info    0x00000000      0x1b6 main.o
 .debug_info    0x000001b6      0x17d startup.o

.debug_abbrev   0x00000000      0x1dc
 .debug_abbrev  0x00000000      0x10a main.o
 .debug_abbrev  0x0000010a       0xd2 startup.o

.debug_loc      0x00000000       0xb4
 .debug_loc     0x00000000       0x38 main.o
 .debug_loc     0x00000038       0x7c startup.o

.debug_aranges  0x00000000       0x40
 .debug_aranges
                0x00000000       0x20 main.o
 .debug_aranges
                0x00000020       0x20 startup.o

.debug_line     0x00000000      0x2ee
 .debug_line    0x00000000      0x15d main.o
 .debug_line    0x0000015d      0x191 startup.o

.debug_str      0x00000000      0x1fc
 .debug_str     0x00000000      0x17c main.o
                                0x1be (size before relaxing)
 .debug_str     0x0000017c       0x80 startup.o
                                0x1d4 (size before relaxing)

.comment        0x00000000       0x49
 .comment       0x00000000       0x49 main.o
                                 0x4a (size before relaxing)
 .comment       0x00000049       0x4a startup.o

.ARM.attributes
                0x00000000       0x2d
 .ARM.attributes
                0x00000000       0x2d main.o
 .ARM.attributes
                0x0000002d       0x2d startup.o

.debug_frame    0x00000000       0x7c
 .debug_frame   0x00000000       0x30 main.o
 .debug_frame   0x00000030       0x4c startup.o
